app.nonzero_exit	account	PII
app.nonzero_exit	command	PII
app.nonzero_exit	exit_code	-
app.nonzero_exit	partition	PII
app.nonzero_exit	severity	-
app.nonzero_exit	signal	-
app.nonzero_exit	state	-
app.nonzero_exit	user	PII
app.segfault	account	PII
app.segfault	comm	PII
app.segfault	exit_code	-
app.segfault	fault_addr	-
app.segfault	partition	PII
app.segfault	pid	-
app.segfault	severity	-
app.segfault	signal	-
app.segfault	state	-
app.segfault	user	PII
auth.credential	account	PII
auth.credential	cred_type	-
auth.credential	exit_code	-
auth.credential	partition	PII
auth.credential	reason	-
auth.credential	severity	-
auth.credential	signal	-
auth.credential	state	-
auth.credential	user	PII
auth.munge	account	PII
auth.munge	daemon	-
auth.munge	exit_code	-
auth.munge	partition	PII
auth.munge	peer	PII
auth.munge	reason	-
auth.munge	severity	-
auth.munge	signal	-
auth.munge	skew_sec	-
auth.munge	state	-
auth.munge	user	PII
config.clock_skew	account	PII
config.clock_skew	daemon	-
config.clock_skew	exit_code	-
config.clock_skew	partition	PII
config.clock_skew	reference	-
config.clock_skew	severity	-
config.clock_skew	signal	-
config.clock_skew	skew_sec	-
config.clock_skew	state	-
config.clock_skew	user	PII
config.drift	account	PII
config.drift	exit_code	-
config.drift	expected	PII
config.drift	key	-
config.drift	observed	PII
config.drift	partition	PII
config.drift	peer_count	-
config.drift	peer_majority	-
config.drift	severity	-
config.drift	signal	-
config.drift	state	-
config.drift	user	PII
fabric.congestion	account	PII
fabric.congestion	counter	-
fabric.congestion	counter_delta	-
fabric.congestion	device	-
fabric.congestion	exit_code	-
fabric.congestion	partition	PII
fabric.congestion	port	-
fabric.congestion	severity	-
fabric.congestion	signal	-
fabric.congestion	state	-
fabric.congestion	user	PII
fabric.link_flap	account	PII
fabric.link_flap	device	-
fabric.link_flap	exit_code	-
fabric.link_flap	flap_count	-
fabric.link_flap	link_state	-
fabric.link_flap	partition	PII
fabric.link_flap	phys_state	-
fabric.link_flap	port	-
fabric.link_flap	rate	-
fabric.link_flap	severity	-
fabric.link_flap	signal	-
fabric.link_flap	state	-
fabric.link_flap	user	PII
fabric.nccl_timeout	account	PII
fabric.nccl_timeout	comm	-
fabric.nccl_timeout	exit_code	-
fabric.nccl_timeout	op	-
fabric.nccl_timeout	partition	PII
fabric.nccl_timeout	rank	-
fabric.nccl_timeout	severity	-
fabric.nccl_timeout	signal	-
fabric.nccl_timeout	state	-
fabric.nccl_timeout	timeout_seconds	-
fabric.nccl_timeout	user	PII
fabric.nccl_timeout	world_size	-
gpu.driver_mismatch	account	PII
gpu.driver_mismatch	cuda_version	-
gpu.driver_mismatch	driver_version	-
gpu.driver_mismatch	exit_code	-
gpu.driver_mismatch	expected_driver_version	-
gpu.driver_mismatch	gpu_index	-
gpu.driver_mismatch	partition	PII
gpu.driver_mismatch	severity	-
gpu.driver_mismatch	signal	-
gpu.driver_mismatch	state	-
gpu.driver_mismatch	user	PII
gpu.ecc	account	PII
gpu.ecc	ecc_count	-
gpu.ecc	ecc_type	-
gpu.ecc	exit_code	-
gpu.ecc	gpu_index	-
gpu.ecc	partition	PII
gpu.ecc	pci_addr	-
gpu.ecc	severity	-
gpu.ecc	signal	-
gpu.ecc	state	-
gpu.ecc	user	PII
gpu.fallen_off_bus	account	PII
gpu.fallen_off_bus	exit_code	-
gpu.fallen_off_bus	gpu_index	-
gpu.fallen_off_bus	partition	PII
gpu.fallen_off_bus	pci_addr	-
gpu.fallen_off_bus	severity	-
gpu.fallen_off_bus	signal	-
gpu.fallen_off_bus	state	-
gpu.fallen_off_bus	user	PII
gpu.xid	account	PII
gpu.xid	exit_code	-
gpu.xid	gpu_index	-
gpu.xid	partition	PII
gpu.xid	pci_addr	-
gpu.xid	severity	-
gpu.xid	signal	-
gpu.xid	state	-
gpu.xid	user	PII
gpu.xid	xid	-
resource.disk_quota	account	PII
resource.disk_quota	exit_code	-
resource.disk_quota	fs_type	-
resource.disk_quota	limit_bytes	-
resource.disk_quota	mount	PII
resource.disk_quota	partition	PII
resource.disk_quota	severity	-
resource.disk_quota	signal	-
resource.disk_quota	state	-
resource.disk_quota	usage_bytes	-
resource.disk_quota	user	PII
resource.oom	account	PII
resource.oom	cgroup	PII
resource.oom	exit_code	-
resource.oom	killed_comm	PII
resource.oom	killed_pid	-
resource.oom	limit_bytes	-
resource.oom	partition	PII
resource.oom	severity	-
resource.oom	signal	-
resource.oom	state	-
resource.oom	usage_bytes	-
resource.oom	user	PII
resource.oom_gpu	account	PII
resource.oom_gpu	exit_code	-
resource.oom_gpu	gpu_index	-
resource.oom_gpu	limit_bytes	-
resource.oom_gpu	partition	PII
resource.oom_gpu	requested_bytes	-
resource.oom_gpu	severity	-
resource.oom_gpu	signal	-
resource.oom_gpu	state	-
resource.oom_gpu	usage_bytes	-
resource.oom_gpu	user	PII
resource.walltime_exceeded	account	PII
resource.walltime_exceeded	elapsed_seconds	-
resource.walltime_exceeded	exit_code	-
resource.walltime_exceeded	limit_seconds	-
resource.walltime_exceeded	partition	PII
resource.walltime_exceeded	severity	-
resource.walltime_exceeded	signal	-
resource.walltime_exceeded	state	-
resource.walltime_exceeded	user	PII
sched.cancelled	account	PII
sched.cancelled	by	PII
sched.cancelled	exit_code	-
sched.cancelled	partition	PII
sched.cancelled	reason	-
sched.cancelled	severity	-
sched.cancelled	signal	-
sched.cancelled	state	-
sched.cancelled	user	PII
sched.node_fail	account	PII
sched.node_fail	exit_code	-
sched.node_fail	partition	PII
sched.node_fail	reason	-
sched.node_fail	severity	-
sched.node_fail	signal	-
sched.node_fail	state	-
sched.node_fail	user	PII
sched.preempted	account	PII
sched.preempted	by	-
sched.preempted	exit_code	-
sched.preempted	partition	PII
sched.preempted	reason	-
sched.preempted	severity	-
sched.preempted	signal	-
sched.preempted	state	-
sched.preempted	user	PII
sched.requeued	account	PII
sched.requeued	exit_code	-
sched.requeued	partition	PII
sched.requeued	reason	-
sched.requeued	severity	-
sched.requeued	signal	-
sched.requeued	state	-
sched.requeued	user	PII
storage.io_error	account	PII
storage.io_error	errno	-
storage.io_error	exit_code	-
storage.io_error	fs_type	-
storage.io_error	mount	PII
storage.io_error	partition	PII
storage.io_error	severity	-
storage.io_error	signal	-
storage.io_error	state	-
storage.io_error	user	PII
storage.mount_missing	account	PII
storage.mount_missing	exit_code	-
storage.mount_missing	fs_type	-
storage.mount_missing	mount	PII
storage.mount_missing	partition	PII
storage.mount_missing	server	PII
storage.mount_missing	severity	-
storage.mount_missing	signal	-
storage.mount_missing	state	-
storage.mount_missing	user	PII
storage.stale_handle	account	PII
storage.stale_handle	exit_code	-
storage.stale_handle	fs_type	-
storage.stale_handle	mount	PII
storage.stale_handle	partition	PII
storage.stale_handle	severity	-
storage.stale_handle	signal	-
storage.stale_handle	state	-
storage.stale_handle	user	PII
unknown	account	PII
unknown	exit_code	-
unknown	partition	PII
unknown	severity	-
unknown	signal	-
unknown	state	-
unknown	user	PII
