app.nonzero_exit
app.segfault
auth.credential
auth.munge
config.clock_skew
config.drift
fabric.congestion
fabric.link_flap
fabric.nccl_timeout
gpu.driver_mismatch
gpu.ecc
gpu.fallen_off_bus
gpu.xid
resource.disk_quota
resource.oom
resource.oom_gpu
resource.walltime_exceeded
sched.cancelled
sched.node_fail
sched.preempted
sched.requeued
storage.io_error
storage.mount_missing
storage.stale_handle
unknown
