[
  {"ts":"2026-03-04T09:14:02.000000000Z","cluster":"cluster-a","node":"node-0042","jobid":null,"source":"journal","class":"gpu.xid","detail":{"signature":"nvidia.xid.79","attrs":{"gpu_index":"3","pci_addr":"0000:c1:00.0","xid":"79"}}},
  {"ts":"2026-03-04T09:14:02.000000000Z","cluster":"cluster-a","node":"node-0042","jobid":{"raw":"918273.batch","base":918273,"step":"batch"},"source":"slurm","class":"resource.oom","detail":{"signature":"slurm.sacct.state.OUT_OF_MEMORY","attrs":{"exit_code":"0:125","limit_bytes":"8589934592","state":"OUT_OF_MEMORY","usage_bytes":"8590131200"}}},
  {"ts":"2026-03-04T09:15:30.500000000Z","cluster":"cluster-a","jobid":{"raw":"918274_[8-20%4]","base":918274,"array_range":"[8-20%4]"},"source":"slurm","class":"sched.requeued","detail":{"signature":"slurm.sacct.state.REQUEUED","attrs":{"reason":"JobHeldByAdmin & requeued"}}},
  {"ts":"2026-03-04T09:16:00.000000000Z","cluster":"cluster-a","node":"node-0043","jobid":{"raw":"918275_7","base":918275,"array_task":7},"source":"fabric","class":"fabric.link_flap","detail":{"signature":"ib.link.state_change","attrs":{"device":"mlx5_0","flap_count":"3","link_state":"Down","phys_state":"Polling","port":"1"}}},
  {"ts":"2026-03-04T09:17:00.000000000Z","cluster":"cluster-a","node":"node-0044","jobid":{"raw":"918276+1","base":918276,"het_offset":1},"source":"gpu","class":"gpu.driver_mismatch","detail":{"signature":"nvidia.driver.generation_mismatch","attrs":{"cuda_version":"12.4","driver_version":"535.104.05","expected_driver_version":"550.54.15"}}},
  {"ts":"2026-03-04T09:18:00.000000000Z","cluster":"cluster-a","node":"node-0045","jobid":null,"source":"bmc","class":"unknown","detail":{"signature":"bmc.sel.unrecognized","attrs":{"severity":"warn <&> µs 日本語"}}},
  {"ts":"2026-03-04T09:19:00.000000000Z","cluster":"cluster-a","node":"node-0046","jobid":{"raw":"918277","base":918277},"source":"storage","class":"storage.stale_handle","detail":{"signature":"lustre.estale"}}
]
